[2m3:42:16 pm[22m [36m[1m[vite][22m[39m [90m[2m(client)[22m[39m Re-optimizing dependencies because lockfile has changed

  [32m[1mVITE[22m v6.4.3[39m  [2mready in [0m[1m4000[22m[2m[0m ms[22m

  [32m➜[39m  [1mLocal[22m:   [36mhttp://localhost:[1m3000[22m/[39m
  [32m➜[39m  [1mNetwork[22m: [36mhttp://192.168.1.111:[1m3000[22m/[39m
  [32m➜[39m  [1mNetwork[22m: [36mhttp://172.22.64.1:[1m3000[22m/[39m
[2m[32m  ➜[39m[22m[2m  press [22m[1mh + enter[22m[2m to show help[22m
[2m3:49:28 pm[22m [36m[1m[vite][22m[39m [90m[2m(client)[22m[39m [32mpage reload [39m[2mharness/changes/active/tasks.md[22m
[2m3:49:39 pm[22m [36m[1m[vite][22m[39m [90m[2m(client)[22m[39m [32mpage reload [39m[2mharness/changes/active/reviews/review.md[22m
[2m3:49:56 pm[22m [36m[1m[vite][22m[39m [90m[2m(client)[22m[39m [32mpage reload [39m[2mharness/changes/active/summary.md[22m
[2m3:51:08 pm[22m [36m[1m[vite][22m[39m [90m[2m(client)[22m[39m [32mpage reload [39m[2mharness/changes/active/tasks.md[22m
[2m3:55:50 pm[22m [36m[1m[vite][22m[39m [90m[2m(client)[22m[39m [32mhmr update [39m[2m/src/index.css, /src/pages/HomePage.tsx[22m
[2m3:55:51 pm[22m [36m[1m[vite][22m[39m [90m[2m(client)[22m[39m [32mhmr update [39m[2m/src/index.css, /src/components/home/ChapterRail.tsx, /src/components/HeroSection.tsx[22m
[2m3:56:01 pm[22m [36m[1m[vite][22m[39m [90m[2m(client)[22m[39m [32mhmr update [39m[2m/src/components/HeroSection.tsx, /src/index.css[22m
[2m3:56:02 pm[22m [36m[1m[vite][22m[39m [90m[2m(client)[22m[39m [32mhmr update [39m[2m/src/pages/HomePage.tsx, /src/index.css[22m
[2m3:56:11 pm[22m [36m[1m[vite][22m[39m [90m[2m(client)[22m[39m [32mhmr update [39m[2m/src/pages/HomePage.tsx, /src/index.css[22m
[2m4:14:23 pm[22m [36m[1m[vite][22m[39m [90m[2m(client)[22m[39m [32mpage reload [39m[2mharness/changes/active/reviews/review.md[22m
[2m4:14:24 pm[22m [36m[1m[vite][22m[39m [90m[2m(client)[22m[39m [32mpage reload [39m[2mharness/changes/active/tasks.md[22m
[2m4:19:55 pm[22m [36m[1m[vite][22m[39m [90m[2m(client)[22m[39m [32mpage reload [39m[2msrc/data/sector-registry.ts[22m
[2m4:20:08 pm[22m [36m[1m[vite][22m[39m [90m[2m(client)[22m[39m [32mpage reload [39m[2msrc/data/sector-registry.ts[22m
[2m4:20:58 pm[22m [36m[1m[vite][22m[39m [90m[2m(client)[22m[39m [32mhmr update [39m[2m/src/pages/SectorsPage.tsx, /src/index.css[22m
[2m4:21:06 pm[22m [36m[1m[vite][22m[39m [90m[2m(client)[22m[39m [32mhmr update [39m[2m/src/components/home/SectorsSection.tsx, /src/index.css[22m
[2m4:21:55 pm[22m [36m[1m[vite][22m[39m [90m[2m(client)[22m[39m [32mhmr update [39m[2m/src/pages/SolutionsPage.tsx, /src/index.css[22m
[2m4:22:06 pm[22m [36m[1m[vite][22m[39m [90m[2m(client)[22m[39m [32mhmr update [39m[2m/src/pages/SolutionsPage.tsx, /src/index.css[22m
[2m4:22:25 pm[22m [36m[1m[vite][22m[39m [90m[2m(client)[22m[39m [32mhmr update [39m[2m/src/pages/SolutionsPage.tsx, /src/index.css[22m
[2m4:22:49 pm[22m [36m[1m[vite][22m[39m [90m[2m(client)[22m[39m [32mhmr update [39m[2m/src/pages/WhatWeDoPage.tsx, /src/index.css[22m
[2m4:22:52 pm[22m [36m[1m[vite][22m[39m [90m[2m(client)[22m[39m [32mhmr update [39m[2m/src/pages/WhatWeDoPage.tsx, /src/index.css[22m
[2m4:28:36 pm[22m [36m[1m[vite][22m[39m [90m[2m(client)[22m[39m [32mpage reload [39m[2mharness/changes/archive/.gitkeep[22m
[2m4:29:20 pm[22m [36m[1m[vite][22m[39m [90m[2m(client)[22m[39m [32mpage reload [39m[2mharness/changes/active/reviews/review.md[22m
[2m4:30:06 pm[22m [36m[1m[vite][22m[39m [90m[2m(client)[22m[39m [32mpage reload [39m[2mharness/changes/active/tasks.md[22m
[2m4:30:07 pm[22m [36m[1m[vite][22m[39m [90m[2m(client)[22m[39m [32mpage reload [39m[2mharness/changes/active/tasks.md[22m
[2m4:30:07 pm[22m [36m[1m[vite][22m[39m [90m[2m(client)[22m[39m [32mpage reload [39m[2mharness/changes/active/tasks.md[22m
[2m4:51:22 pm[22m [36m[1m[vite][22m[39m [90m[2m(client)[22m[39m [32mhmr update [39m[2m/src/index.css, /src/pages/InsightsPage.tsx, /src/components/site/HonestyBadge.tsx, /src/components/home/InsightsSection.tsx, /src/pages/SolutionsPage.tsx, /src/pages/ProofPage.tsx, /src/pages/WhatWeDoPage.tsx, /src/components/AskLightSpeed.tsx, /src/components/home/SolutionsSection.tsx, /src/components/home/AboutSection.tsx[22m
[2m4:51:23 pm[22m [36m[1m[vite][22m[39m [90m[2m(client)[22m[39m [32mhmr update [39m[2m/src/index.css, /src/pages/InsightsPage.tsx, /src/components/site/HonestyBadge.tsx, /src/components/home/InsightsSection.tsx, /src/pages/SolutionsPage.tsx, /src/pages/ProofPage.tsx, /src/pages/WhatWeDoPage.tsx, /src/components/AskLightSpeed.tsx, /src/components/home/SolutionsSection.tsx, /src/components/home/AboutSection.tsx[22m
[2m4:51:43 pm[22m [36m[1m[vite][22m[39m [90m[2m(client)[22m[39m [32mhmr update [39m[2m/src/index.css, /src/pages/InsightsPage.tsx, /src/components/site/HonestyBadge.tsx, /src/components/home/InsightsSection.tsx, /src/pages/SolutionsPage.tsx, /src/pages/ProofPage.tsx, /src/pages/WhatWeDoPage.tsx, /src/components/AskLightSpeed.tsx, /src/components/home/SolutionsSection.tsx, /src/components/home/AboutSection.tsx[22m
[2m4:51:43 pm[22m [36m[1m[vite][22m[39m [90m[2m(client)[22m[39m [32mpage reload [39m[2msrc/data/governance.ts[22m
[2m4:53:05 pm[22m [36m[1m[vite][22m[39m [90m[2m(client)[22m[39m [32mhmr update [39m[2m/src/pages/ProofPage.tsx, /src/index.css[22m
[2m4:53:18 pm[22m [36m[1m[vite][22m[39m [90m[2m(client)[22m[39m [32mhmr update [39m[2m/src/pages/ProofPage.tsx, /src/index.css[22m
[2m4:57:16 pm[22m [36m[1m[vite][22m[39m [90m[2m(client)[22m[39m [32mhmr update [39m[2m/src/pages/SolutionsPage.tsx, /src/index.css[22m
[2m4:57:17 pm[22m [36m[1m[vite][22m[39m [90m[2m(client)[22m[39m [32mhmr update [39m[2m/src/pages/SectorsPage.tsx, /src/index.css[22m
[2m4:57:18 pm[22m [36m[1m[vite][22m[39m [90m[2m(client)[22m[39m [32mhmr update [39m[2m/src/pages/WhatWeDoPage.tsx, /src/index.css[22m
[2m4:57:19 pm[22m [36m[1m[vite][22m[39m [90m[2m(client)[22m[39m [32mhmr update [39m[2m/src/pages/AiCompanyBuilderPage.tsx, /src/index.css[22m
[2m4:57:19 pm[22m [36m[1m[vite][22m[39m [90m[2m(client)[22m[39m [32mhmr update [39m[2m/src/pages/AboutPage.tsx, /src/index.css[22m
[2m4:57:34 pm[22m [36m[1m[vite][22m[39m [90m[2m(client)[22m[39m [32mhmr update [39m[2m/src/pages/SolutionsPage.tsx, /src/index.css[22m
[2m4:57:35 pm[22m [36m[1m[vite][22m[39m [90m[2m(client)[22m[39m [32mhmr update [39m[2m/src/pages/SectorsPage.tsx, /src/index.css[22m
[2m4:57:36 pm[22m [36m[1m[vite][22m[39m [90m[2m(client)[22m[39m [32mhmr update [39m[2m/src/pages/WhatWeDoPage.tsx, /src/index.css[22m
[2m4:57:38 pm[22m [36m[1m[vite][22m[39m [90m[2m(client)[22m[39m [32mhmr update [39m[2m/src/pages/AiCompanyBuilderPage.tsx, /src/index.css[22m
[2m4:57:39 pm[22m [36m[1m[vite][22m[39m [90m[2m(client)[22m[39m [32mhmr update [39m[2m/src/pages/AboutPage.tsx, /src/index.css[22m
[2m7:04:57 pm[22m [36m[1m[vite][22m[39m [90m[2m(client)[22m[39m [32mpage reload [39m[2mharness/changes/archive/.gitkeep[22m
[2m7:06:01 pm[22m [36m[1m[vite][22m[39m [90m[2m(client)[22m[39m [32mhmr update [39m[2m/src/App.tsx, /src/index.css[22m
[2m7:06:02 pm[22m [36m[1m[vite][22m[39m [90m[2m(client)[22m[39m [32mhmr update [39m[2m/src/App.tsx, /src/index.css[22m
[2m7:06:02 pm[22m [36m[1m[vite][22m[39m [90m[2m(client)[22m[39m [32mhmr update [39m[2m/src/App.tsx, /src/index.css[22m
[2m7:08:16 pm[22m [36m[1m[vite][22m[39m [90m[2m(client)[22m[39m [32mhmr update [39m[2m/src/pages/InsightsPage.tsx, /src/index.css[22m
[2m7:08:32 pm[22m [36m[1m[vite][22m[39m [90m[2m(client)[22m[39m [32mhmr update [39m[2m/src/components/PharosSection.tsx, /src/index.css[22m
[2m7:09:10 pm[22m [36m[1m[vite][22m[39m [90m[2m(client)[22m[39m [32mhmr update [39m[2m/src/pages/InsightsPage.tsx, /src/index.css[22m
[2m7:19:11 pm[22m [36m[1m[vite][22m[39m [90m[2m(client)[22m[39m [32mhmr update [39m[2m/src/App.tsx, /src/index.css[22m
[2m7:19:12 pm[22m [36m[1m[vite][22m[39m [90m[2m(client)[22m[39m [32mhmr update [39m[2m/src/App.tsx, /src/index.css[22m
[2m7:19:12 pm[22m [36m[1m[vite][22m[39m [90m[2m(client)[22m[39m [32mhmr update [39m[2m/src/App.tsx, /src/index.css[22m
[2m7:19:14 pm[22m [36m[1m[vite][22m[39m [90m[2m(client)[22m[39m [32mhmr update [39m[2m/src/index.css, /src/pages/InsightsPage.tsx, /src/components/site/HonestyBadge.tsx, /src/components/home/InsightsSection.tsx, /src/pages/SolutionsPage.tsx, /src/pages/ProofPage.tsx, /src/pages/WhatWeDoPage.tsx, /src/components/AskLightSpeed.tsx, /src/components/home/SolutionsSection.tsx, /src/components/home/AboutSection.tsx[22m
[2m7:21:09 pm[22m [36m[1m[vite][22m[39m [90m[2m(client)[22m[39m [32mhmr update [39m[2m/src/App.tsx, /src/index.css[22m
[2m7:21:10 pm[22m [36m[1m[vite][22m[39m [90m[2m(client)[22m[39m [32mhmr update [39m[2m/src/App.tsx, /src/index.css[22m
[2m7:21:11 pm[22m [36m[1m[vite][22m[39m [90m[2m(client)[22m[39m [32mhmr update [39m[2m/src/App.tsx, /src/index.css[22m
[2m8:16:32 pm[22m [36m[1m[vite][22m[39m [90m[2m(client)[22m[39m [32mpage reload [39m[2mharness/changes/archive/.gitkeep[22m
[2m9:04:55 pm[22m [36m[1m[vite][22m[39m [90m[2m(client)[22m[39m [32mpage reload [39m[2mharness/changes/active/reviews/review.md[22m
[2m9:05:10 pm[22m [36m[1m[vite][22m[39m [90m[2m(client)[22m[39m [32mpage reload [39m[2mharness/changes/active/tasks.md[22m
[2m9:05:11 pm[22m [36m[1m[vite][22m[39m [90m[2m(client)[22m[39m [32mpage reload [39m[2mharness/changes/active/tasks.md[22m
[2m9:13:27 pm[22m [36m[1m[vite][22m[39m [90m[2m(client)[22m[39m [32mhmr update [39m[2m/src/components/ContactSection.tsx, /src/index.css[22m
[2m9:13:28 pm[22m [36m[1m[vite][22m[39m [90m[2m(client)[22m[39m [32mhmr update [39m[2m/src/components/ContactSection.tsx, /src/index.css[22m
[2m9:14:03 pm[22m [36m[1m[vite][22m[39m [90m[2m(client)[22m[39m [32mhmr update [39m[2m/src/components/NewsletterSignup.tsx, /src/index.css[22m
[2m9:16:12 pm[22m [36m[1m[vite][22m[39m [90m[2m(client)[22m[39m [32mhmr update [39m[2m/src/components/AskLightSpeed.tsx, /src/index.css[22m
[2m9:16:19 pm[22m [36m[1m[vite][22m[39m [90m[2m(client)[22m[39m [32mhmr update [39m[2m/src/components/AskLightSpeed.tsx, /src/index.css[22m
[2m9:16:31 pm[22m [36m[1m[vite][22m[39m [90m[2m(client)[22m[39m [32mpage reload [39m[2mharness/changes/archive/.gitkeep[22m
[2m9:16:47 pm[22m [36m[1m[vite][22m[39m [90m[2m(client)[22m[39m [32mhmr update [39m[2m/src/components/AskLightSpeed.tsx, /src/index.css[22m
[2m9:16:52 pm[22m [36m[1m[vite][22m[39m [90m[2m(client)[22m[39m [32mhmr update [39m[2m/src/components/AskLightSpeed.tsx, /src/index.css[22m
[2m9:17:08 pm[22m [36m[1m[vite][22m[39m [90m[2m(client)[22m[39m [32mhmr update [39m[2m/src/components/AskLightSpeed.tsx, /src/index.css[22m
[2m9:17:09 pm[22m [36m[1m[vite][22m[39m [90m[2m(client)[22m[39m [32mhmr update [39m[2m/src/components/AskLightSpeed.tsx, /src/index.css[22m
[2m9:17:10 pm[22m [36m[1m[vite][22m[39m [90m[2m(client)[22m[39m [32mhmr update [39m[2m/src/components/AskLightSpeed.tsx, /src/index.css[22m
[2m9:17:34 pm[22m [36m[1m[vite][22m[39m [90m[2m(client)[22m[39m [32mhmr update [39m[2m/src/components/AskLightSpeed.tsx, /src/index.css[22m
[2m9:18:40 pm[22m [36m[1m[vite][22m[39m [90m[2m(client)[22m[39m [32mhmr update [39m[2m/src/components/AskLightSpeed.tsx, /src/index.css[22m
[2m9:18:41 pm[22m [36m[1m[vite][22m[39m [90m[2m(client)[22m[39m [32mhmr update [39m[2m/src/components/AskLightSpeed.tsx, /src/index.css[22m
[2m9:25:03 pm[22m [36m[1m[vite][22m[39m [90m[2m(client)[22m[39m [32mpage reload [39m[2mharness/changes/active/tasks.md[22m
[2m9:25:12 pm[22m [36m[1m[vite][22m[39m [90m[2m(client)[22m[39m [32mpage reload [39m[2mharness/changes/active/reviews/review.md[22m
[2m9:30:36 pm[22m [36m[1m[vite][22m[39m [90m[2m(client)[22m[39m [32mhmr update [39m[2m/src/components/SiteLayout.tsx, /src/index.css[22m
[2m9:30:37 pm[22m [36m[1m[vite][22m[39m [90m[2m(client)[22m[39m [32mhmr update [39m[2m/src/components/SiteLayout.tsx, /src/index.css[22m
[2m9:30:38 pm[22m [36m[1m[vite][22m[39m [90m[2m(client)[22m[39m [32mhmr update [39m[2m/src/components/site/CtaBand.tsx, /src/index.css[22m
[2m9:30:39 pm[22m [36m[1m[vite][22m[39m [90m[2m(client)[22m[39m [32mhmr update [39m[2m/src/components/site/CtaBand.tsx, /src/index.css[22m
[2m9:30:40 pm[22m [36m[1m[vite][22m[39m [90m[2m(client)[22m[39m [32mhmr update [39m[2m/src/components/site/CtaBand.tsx, /src/index.css[22m
[2m9:30:41 pm[22m [36m[1m[vite][22m[39m [90m[2m(client)[22m[39m [32mhmr update [39m[2m/src/components/site/CtaBand.tsx, /src/index.css[22m
[2m9:30:50 pm[22m [36m[1m[vite][22m[39m [90m[2m(client)[22m[39m [32mhmr update [39m[2m/src/pages/SolutionsPage.tsx, /src/index.css[22m
[2m9:30:51 pm[22m [36m[1m[vite][22m[39m [90m[2m(client)[22m[39m [32mhmr update [39m[2m/src/pages/SectorsPage.tsx, /src/index.css[22m
[2m9:30:52 pm[22m [36m[1m[vite][22m[39m [90m[2m(client)[22m[39m [32mhmr update [39m[2m/src/pages/SectorsPage.tsx, /src/index.css[22m
[2m9:30:53 pm[22m [36m[1m[vite][22m[39m [90m[2m(client)[22m[39m [32mhmr update [39m[2m/src/pages/SectorsPage.tsx, /src/index.css[22m
[2m9:31:13 pm[22m [36m[1m[vite][22m[39m [90m[2m(client)[22m[39m [32mhmr update [39m[2m/src/pages/SolutionsPage.tsx, /src/index.css[22m
[2m9:31:14 pm[22m [36m[1m[vite][22m[39m [90m[2m(client)[22m[39m [32mhmr update [39m[2m/src/pages/SolutionsPage.tsx, /src/index.css[22m
[2m9:31:15 pm[22m [36m[1m[vite][22m[39m [90m[2m(client)[22m[39m [32mhmr update [39m[2m/src/pages/ProofPage.tsx, /src/index.css[22m
[2m9:31:16 pm[22m [36m[1m[vite][22m[39m [90m[2m(client)[22m[39m [32mhmr update [39m[2m/src/pages/ProofPage.tsx, /src/index.css[22m
[2m9:31:17 pm[22m [36m[1m[vite][22m[39m [90m[2m(client)[22m[39m [32mhmr update [39m[2m/src/pages/ProofPage.tsx, /src/index.css[22m
[2m9:31:26 pm[22m [36m[1m[vite][22m[39m [90m[2m(client)[22m[39m [32mhmr update [39m[2m/src/pages/InsightsPage.tsx, /src/index.css[22m
[2m9:31:27 pm[22m [36m[1m[vite][22m[39m [90m[2m(client)[22m[39m [32mhmr update [39m[2m/src/pages/InsightsPage.tsx, /src/index.css[22m
[2m9:31:28 pm[22m [36m[1m[vite][22m[39m [90m[2m(client)[22m[39m [32mhmr update [39m[2m/src/pages/InsightsPage.tsx, /src/index.css[22m
[2m9:33:32 pm[22m [36m[1m[vite][22m[39m [90m[2m(client)[22m[39m [32mhmr update [39m[2m/src/components/AskLightSpeed.tsx, /src/index.css[22m
[2m9:33:32 pm[22m [36m[1m[vite][22m[39m [90m[2m(client)[22m[39m [32mhmr update [39m[2m/src/components/AskLightSpeed.tsx, /src/index.css[22m
[2m9:33:35 pm[22m [36m[1m[vite][22m[39m [90m[2m(client)[22m[39m [32mhmr update [39m[2m/src/components/AskLightSpeed.tsx, /src/index.css[22m
[2m9:33:37 pm[22m [36m[1m[vite][22m[39m [90m[2m(client)[22m[39m [32mhmr update [39m[2m/src/components/AskLightSpeed.tsx, /src/index.css[22m
[2m9:33:38 pm[22m [36m[1m[vite][22m[39m [90m[2m(client)[22m[39m [32mhmr update [39m[2m/src/components/AskLightSpeed.tsx, /src/index.css[22m
[2m9:33:39 pm[22m [36m[1m[vite][22m[39m [90m[2m(client)[22m[39m [32mhmr update [39m[2m/src/components/AskLightSpeed.tsx, /src/index.css[22m
[2m9:33:54 pm[22m [36m[1m[vite][22m[39m [90m[2m(client)[22m[39m [32mhmr update [39m[2m/src/components/NewsletterSignup.tsx, /src/index.css[22m
[2m9:33:56 pm[22m [36m[1m[vite][22m[39m [90m[2m(client)[22m[39m [32mhmr update [39m[2m/src/components/NewsletterSignup.tsx, /src/index.css[22m
[2m9:33:56 pm[22m [36m[1m[vite][22m[39m [90m[2m(client)[22m[39m [32mhmr update [39m[2m/src/components/NewsletterSignup.tsx, /src/index.css[22m
[2m9:33:58 pm[22m [36m[1m[vite][22m[39m [90m[2m(client)[22m[39m [32mhmr update [39m[2m/src/components/ContactSection.tsx, /src/index.css[22m
[2m9:33:59 pm[22m [36m[1m[vite][22m[39m [90m[2m(client)[22m[39m [32mhmr update [39m[2m/src/components/ContactSection.tsx, /src/index.css[22m
[2m9:34:00 pm[22m [36m[1m[vite][22m[39m [90m[2m(client)[22m[39m [32mhmr update [39m[2m/src/components/ContactSection.tsx, /src/index.css[22m
[2m9:34:01 pm[22m [36m[1m[vite][22m[39m [90m[2m(client)[22m[39m [32mhmr update [39m[2m/src/components/ContactSection.tsx, /src/index.css[22m
[2m9:40:05 pm[22m [36m[1m[vite][22m[39m [90m[2m(client)[22m[39m [32mpage reload [39m[2mharness/changes/active/reviews/review.md[22m
[2m9:40:11 pm[22m [36m[1m[vite][22m[39m [90m[2m(client)[22m[39m [32mpage reload [39m[2mharness/changes/active/tasks.md[22m
[2m10:11:18 pm[22m [36m[1m[vite][22m[39m [90m[2m(client)[22m[39m [32mpage reload [39m[2mstart_website.bat[22m
[2m10:11:24 pm[22m [36m[1m[vite][22m[39m [90m[2m(client)[22m[39m [32mpage reload [39m[2mstart_website.ps1[22m
[2m10:11:24 pm[22m [36m[1m[vite][22m[39m [90m[2m(client)[22m[39m [32mpage reload [39m[2mstart_both.ps1[22m
[2m10:16:36 pm[22m [36m[1m[vite][22m[39m [90m[2m(client)[22m[39m [32mpage reload [39m[2mharness/changes/archive/.gitkeep[22m
[2m12:01:09 am[22m [36m[1m[vite][22m[39m [90m[2m(client)[22m[39m [32mpage reload [39m[2mharness/changes/archive/.gitkeep[22m
[2m12:20:35 am[22m [36m[1m[vite][22m[39m [90m[2m(client)[22m[39m [32mpage reload [39m[2mharness/changes/archive/.gitkeep[22m
[2m1:20:39 am[22m [36m[1m[vite][22m[39m [90m[2m(client)[22m[39m [32mpage reload [39m[2mharness/changes/archive/.gitkeep[22m
[2m6:27:54 am[22m [36m[1m[vite][22m[39m [90m[2m(client)[22m[39m [32mpage reload [39m[2mharness/changes/archive/.gitkeep[22m
